Archive member included to satisfy reference by file (symbol)

/Applications/STM32CubeIDE.app/Contents/Eclipse/plugins/com.st.stm32cube.ide.mcu.externaltools.gnu-tools-for-stm32.9-2020-q2-update.macos64_2.0.0.202105311346/tools/bin/../lib/gcc/arm-none-eabi/9.3.1/../../../../arm-none-eabi/lib/thumb/v7e-m+fp/hard/libc_nano.a(lib_a-errno.o)
                              ./Core/Src/syscalls.o (__errno)
/Applications/STM32CubeIDE.app/Contents/Eclipse/plugins/com.st.stm32cube.ide.mcu.externaltools.gnu-tools-for-stm32.9-2020-q2-update.macos64_2.0.0.202105311346/tools/bin/../lib/gcc/arm-none-eabi/9.3.1/../../../../arm-none-eabi/lib/thumb/v7e-m+fp/hard/libc_nano.a(lib_a-exit.o)
                              /Applications/STM32CubeIDE.app/Contents/Eclipse/plugins/com.st.stm32cube.ide.mcu.externaltools.gnu-tools-for-stm32.9-2020-q2-update.macos64_2.0.0.202105311346/tools/bin/../lib/gcc/arm-none-eabi/9.3.1/../../../../arm-none-eabi/lib/thumb/v7e-m+fp/hard/crt0.o (exit)
/Applications/STM32CubeIDE.app/Contents/Eclipse/plugins/com.st.stm32cube.ide.mcu.externaltools.gnu-tools-for-stm32.9-2020-q2-update.macos64_2.0.0.202105311346/tools/bin/../lib/gcc/arm-none-eabi/9.3.1/../../../../arm-none-eabi/lib/thumb/v7e-m+fp/hard/libc_nano.a(lib_a-impure.o)
                              /Applications/STM32CubeIDE.app/Contents/Eclipse/plugins/com.st.stm32cube.ide.mcu.externaltools.gnu-tools-for-stm32.9-2020-q2-update.macos64_2.0.0.202105311346/tools/bin/../lib/gcc/arm-none-eabi/9.3.1/../../../../arm-none-eabi/lib/thumb/v7e-m+fp/hard/libc_nano.a(lib_a-exit.o) (_global_impure_ptr)
/Applications/STM32CubeIDE.app/Contents/Eclipse/plugins/com.st.stm32cube.ide.mcu.externaltools.gnu-tools-for-stm32.9-2020-q2-update.macos64_2.0.0.202105311346/tools/bin/../lib/gcc/arm-none-eabi/9.3.1/../../../../arm-none-eabi/lib/thumb/v7e-m+fp/hard/libc_nano.a(lib_a-init.o)
                              /Applications/STM32CubeIDE.app/Contents/Eclipse/plugins/com.st.stm32cube.ide.mcu.externaltools.gnu-tools-for-stm32.9-2020-q2-update.macos64_2.0.0.202105311346/tools/bin/../lib/gcc/arm-none-eabi/9.3.1/../../../../arm-none-eabi/lib/thumb/v7e-m+fp/hard/crt0.o (__libc_init_array)
/Applications/STM32CubeIDE.app/Contents/Eclipse/plugins/com.st.stm32cube.ide.mcu.externaltools.gnu-tools-for-stm32.9-2020-q2-update.macos64_2.0.0.202105311346/tools/bin/../lib/gcc/arm-none-eabi/9.3.1/../../../../arm-none-eabi/lib/thumb/v7e-m+fp/hard/libc_nano.a(lib_a-memcpy-stub.o)
                              ./Core/Src/lwrb.o (memcpy)
/Applications/STM32CubeIDE.app/Contents/Eclipse/plugins/com.st.stm32cube.ide.mcu.externaltools.gnu-tools-for-stm32.9-2020-q2-update.macos64_2.0.0.202105311346/tools/bin/../lib/gcc/arm-none-eabi/9.3.1/../../../../arm-none-eabi/lib/thumb/v7e-m+fp/hard/libc_nano.a(lib_a-memset.o)
                              /Applications/STM32CubeIDE.app/Contents/Eclipse/plugins/com.st.stm32cube.ide.mcu.externaltools.gnu-tools-for-stm32.9-2020-q2-update.macos64_2.0.0.202105311346/tools/bin/../lib/gcc/arm-none-eabi/9.3.1/../../../../arm-none-eabi/lib/thumb/v7e-m+fp/hard/crt0.o (memset)

Allocating common symbols
Common symbol       size              file

crsfPayload         0x16              ./Core/Src/drv_crsf.o
state               0x1               ./Core/Src/drv_crsf.o
rxRingBuf           0x1c              ./Core/Src/drv_crsf.o
rxSize              0x2               ./Core/Src/drv_crsf.o
rxBuf               0x40              ./Core/Src/drv_crsf.o
rxRingBufData       0x40              ./Core/Src/drv_crsf.o
len                 0x1               ./Core/Src/drv_crsf.o
cmd                 0x1               ./Core/Src/drv_crsf.o

Discarded input sections

 .text          0x0000000000000000        0x0 /Applications/STM32CubeIDE.app/Contents/Eclipse/plugins/com.st.stm32cube.ide.mcu.externaltools.gnu-tools-for-stm32.9-2020-q2-update.macos64_2.0.0.202105311346/tools/bin/../lib/gcc/arm-none-eabi/9.3.1/thumb/v7e-m+fp/hard/crti.o
 .data          0x0000000000000000        0x0 /Applications/STM32CubeIDE.app/Contents/Eclipse/plugins/com.st.stm32cube.ide.mcu.externaltools.gnu-tools-for-stm32.9-2020-q2-update.macos64_2.0.0.202105311346/tools/bin/../lib/gcc/arm-none-eabi/9.3.1/thumb/v7e-m+fp/hard/crti.o
 .bss           0x0000000000000000        0x0 /Applications/STM32CubeIDE.app/Contents/Eclipse/plugins/com.st.stm32cube.ide.mcu.externaltools.gnu-tools-for-stm32.9-2020-q2-update.macos64_2.0.0.202105311346/tools/bin/../lib/gcc/arm-none-eabi/9.3.1/thumb/v7e-m+fp/hard/crti.o
 .data          0x0000000000000000        0x4 /Applications/STM32CubeIDE.app/Contents/Eclipse/plugins/com.st.stm32cube.ide.mcu.externaltools.gnu-tools-for-stm32.9-2020-q2-update.macos64_2.0.0.202105311346/tools/bin/../lib/gcc/arm-none-eabi/9.3.1/thumb/v7e-m+fp/hard/crtbegin.o
[...]
Memory Configuration

Name             Origin             Length             Attributes
RAM              0x0000000020000000 0x0000000000040000 xrw
FLASH            0x0000000008000000 0x0000000000080000 xr
*default*        0x0000000000000000 0xffffffffffffffff

Linker script and memory map

LOAD /Applications/STM32CubeIDE.app/Contents/Eclipse/plugins/com.st.stm32cube.ide.mcu.externaltools.gnu-tools-for-stm32.9-2020-q2-update.macos64_2.0.0.202105311346/tools/bin/../lib/gcc/arm-none-eabi/9.3.1/thumb/v7e-m+fp/hard/crti.o
LOAD /Applications/STM32CubeIDE.app/Contents/Eclipse/plugins/com.st.stm32cube.ide.mcu.externaltools.gnu-tools-for-stm32.9-2020-q2-update.macos64_2.0.0.202105311346/tools/bin/../lib/gcc/arm-none-eabi/9.3.1/thumb/v7e-m+fp/hard/crtbegin.o
LOAD /Applications/STM32CubeIDE.app/Contents/Eclipse/plugins/com.st.stm32cube.ide.mcu.externaltools.gnu-tools-for-stm32.9-2020-q2-update.macos64_2.0.0.202105311346/tools/bin/../lib/gcc/arm-none-eabi/9.3.1/../../../../arm-none-eabi/lib/thumb/v7e-m+fp/hard/crt0.o
LOAD ./Core/Src/drv_crsf.o
LOAD ./Core/Src/dwt.o
LOAD ./Core/Src/lwrb.o
LOAD ./Core/Src/main.o
LOAD ./Core/Src/stm32f7xx_it.o
LOAD ./Core/Src/syscalls.o
LOAD ./Core/Src/sysmem.o
LOAD ./Core/Src/system_stm32f7xx.o
LOAD ./Core/Startup/startup_stm32f722retx.o
LOAD ./Drivers/STM32F7xx_HAL_Driver/Src/stm32f7xx_ll_dma.o
LOAD ./Drivers/STM32F7xx_HAL_Driver/Src/stm32f7xx_ll_exti.o
LOAD ./Drivers/STM32F7xx_HAL_Driver/Src/stm32f7xx_ll_gpio.o
LOAD ./Drivers/STM32F7xx_HAL_Driver/Src/stm32f7xx_ll_rcc.o
LOAD ./Drivers/STM32F7xx_HAL_Driver/Src/stm32f7xx_ll_usart.o
LOAD ./Drivers/STM32F7xx_HAL_Driver/Src/stm32f7xx_ll_utils.o
START GROUP
LOAD /Applications/STM32CubeIDE.app/Contents/Eclipse/plugins/com.st.stm32cube.ide.mcu.externaltools.gnu-tools-for-stm32.9-2020-q2-update.macos64_2.0.0.202105311346/tools/bin/../lib/gcc/arm-none-eabi/9.3.1/../../../../arm-none-eabi/lib/thumb/v7e-m+fp/hard/libc_nano.a
LOAD /Applications/STM32CubeIDE.app/Contents/Eclipse/plugins/com.st.stm32cube.ide.mcu.externaltools.gnu-tools-for-stm32.9-2020-q2-update.macos64_2.0.0.202105311346/tools/bin/../lib/gcc/arm-none-eabi/9.3.1/../../../../arm-none-eabi/lib/thumb/v7e-m+fp/hard/libm.a
END GROUP
START GROUP
LOAD /Applications/STM32CubeIDE.app/Contents/Eclipse/plugins/com.st.stm32cube.ide.mcu.externaltools.gnu-tools-for-stm32.9-2020-q2-update.macos64_2.0.0.202105311346/tools/bin/../lib/gcc/arm-none-eabi/9.3.1/thumb/v7e-m+fp/hard/libgcc.a
LOAD /Applications/STM32CubeIDE.app/Contents/Eclipse/plugins/com.st.stm32cube.ide.mcu.externaltools.gnu-tools-for-stm32.9-2020-q2-update.macos64_2.0.0.202105311346/tools/bin/../lib/gcc/arm-none-eabi/9.3.1/../../../../arm-none-eabi/lib/thumb/v7e-m+fp/hard/libc_nano.a
END GROUP
START GROUP
LOAD /Applications/STM32CubeIDE.app/Contents/Eclipse/plugins/com.st.stm32cube.ide.mcu.externaltools.gnu-tools-for-stm32.9-2020-q2-update.macos64_2.0.0.202105311346/tools/bin/../lib/gcc/arm-none-eabi/9.3.1/thumb/v7e-m+fp/hard/libgcc.a
LOAD /Applications/STM32CubeIDE.app/Contents/Eclipse/plugins/com.st.stm32cube.ide.mcu.externaltools.gnu-tools-for-stm32.9-2020-q2-update.macos64_2.0.0.202105311346/tools/bin/../lib/gcc/arm-none-eabi/9.3.1/../../../../arm-none-eabi/lib/thumb/v7e-m+fp/hard/libc_nano.a
LOAD /Applications/STM32CubeIDE.app/Contents/Eclipse/plugins/com.st.stm32cube.ide.mcu.externaltools.gnu-tools-for-stm32.9-2020-q2-update.macos64_2.0.0.202105311346/tools/bin/../lib/gcc/arm-none-eabi/9.3.1/../../../../arm-none-eabi/lib/thumb/v7e-m+fp/hard/libnosys.a
END GROUP
START GROUP
LOAD /Applications/STM32CubeIDE.app/Contents/Eclipse/plugins/com.st.stm32cube.ide.mcu.externaltools.gnu-tools-for-stm32.9-2020-q2-update.macos64_2.0.0.202105311346/tools/bin/../lib/gcc/arm-none-eabi/9.3.1/thumb/v7e-m+fp/hard/libgcc.a
LOAD /Applications/STM32CubeIDE.app/Contents/Eclipse/plugins/com.st.stm32cube.ide.mcu.externaltools.gnu-tools-for-stm32.9-2020-q2-update.macos64_2.0.0.202105311346/tools/bin/../lib/gcc/arm-none-eabi/9.3.1/../../../../arm-none-eabi/lib/thumb/v7e-m+fp/hard/libc_nano.a
LOAD /Applications/STM32CubeIDE.app/Contents/Eclipse/plugins/com.st.stm32cube.ide.mcu.externaltools.gnu-tools-for-stm32.9-2020-q2-update.macos64_2.0.0.202105311346/tools/bin/../lib/gcc/arm-none-eabi/9.3.1/../../../../arm-none-eabi/lib/thumb/v7e-m+fp/hard/libnosys.a
END GROUP
LOAD /Applications/STM32CubeIDE.app/Contents/Eclipse/plugins/com.st.stm32cube.ide.mcu.externaltools.gnu-tools-for-stm32.9-2020-q2-update.macos64_2.0.0.202105311346/tools/bin/../lib/gcc/arm-none-eabi/9.3.1/thumb/v7e-m+fp/hard/crtend.o
LOAD /Applications/STM32CubeIDE.app/Contents/Eclipse/plugins/com.st.stm32cube.ide.mcu.externaltools.gnu-tools-for-stm32.9-2020-q2-update.macos64_2.0.0.202105311346/tools/bin/../lib/gcc/arm-none-eabi/9.3.1/thumb/v7e-m+fp/hard/crtn.o
                0x0000000020040000                _estack = (ORIGIN (RAM) + LENGTH (RAM))
                0x0000000000000200                _Min_Heap_Size = 0x200
                0x0000000000000400                _Min_Stack_Size = 0x400

.isr_vector     0x0000000008000000      0x1e0
                0x0000000008000000                . = ALIGN (0x4)
 *(.isr_vector)
 .isr_vector    0x0000000008000000      0x1e0 ./Core/Startup/startup_stm32f722retx.o
                0x0000000008000000                g_pfnVectors
                0x00000000080001e0                . = ALIGN (0x4)

.text           0x00000000080001e0     0x1188
                0x00000000080001e0                . = ALIGN (0x4)
 *(.text)
 .text          0x00000000080001e0       0x40 /Applications/STM32CubeIDE.app/Contents/Eclipse/plugins/com.st.stm32cube.ide.mcu.externaltools.gnu-tools-for-stm32.9-2020-q2-update.macos64_2.0.0.202105311346/tools/bin/../lib/gcc/arm-none-eabi/9.3.1/thumb/v7e-m+fp/hard/crtbegin.o
 *(.text*)
 .text.__NVIC_GetPriorityGrouping
                0x0000000008000220       0x1c ./Core/Src/drv_crsf.o
 .text.__NVIC_EnableIRQ
                0x000000000800023c       0x3c ./Core/Src/drv_crsf.o
 .text.__NVIC_SetPriority
                0x0000000008000278       0x54 ./Core/Src/drv_crsf.o
 .text.NVIC_EncodePriority
                0x00000000080002cc       0x66 ./Core/Src/drv_crsf.o
 *fill*         0x0000000008000332        0x2 
 .text.crsf_init
                0x0000000008000334      0x2bc ./Core/Src/drv_crsf.o
                0x0000000008000334                crsf_init
 .text.crsf_process
                0x00000000080005f0       0xe4 ./Core/Src/drv_crsf.o
                0x00000000080005f0                crsf_process
 .text.usart_read
                0x00000000080006d4       0xcc ./Core/Src/drv_crsf.o
 .text.usart_rx_check
                0x00000000080007a0       0x7c ./Core/Src/drv_crsf.o
                0x00000000080007a0                usart_rx_check
 .text.usart_process_data
                0x000000000800081c       0x20 ./Core/Src/drv_crsf.o
                0x000000000800081c                usart_process_data
 .text.DMA1_Stream1_IRQHandler
                0x000000000800083c       0x44 ./Core/Src/drv_crsf.o
                0x000000000800083c                DMA1_Stream1_IRQHandler
 .text.USART3_IRQHandler
                0x0000000008000880       0x28 ./Core/Src/drv_crsf.o
                0x0000000008000880                USART3_IRQHandler
 .text.DWT_Init
                0x00000000080008a8       0x4c ./Core/Src/dwt.o
                0x00000000080008a8                DWT_Init
 .text.lwrb_init
                0x00000000080008f4       0x58 ./Core/Src/lwrb.o
                0x00000000080008f4                lwrb_init
 .text.lwrb_write
                0x000000000800094c      0x10c ./Core/Src/lwrb.o
                0x000000000800094c                lwrb_write
 .text.lwrb_read
                0x0000000008000a58      0x10c ./Core/Src/lwrb.o
                0x0000000008000a58                lwrb_read
 .text.lwrb_get_free
                0x0000000008000b64       0x8c ./Core/Src/lwrb.o
                0x0000000008000b64                lwrb_get_free
 .text.lwrb_get_full
                0x0000000008000bf0       0x88 ./Core/Src/lwrb.o
                0x0000000008000bf0                lwrb_get_full
 .text.__NVIC_SetPriorityGrouping
                0x0000000008000c78       0x48 ./Core/Src/main.o
 .text.__NVIC_GetPriorityGrouping
                0x0000000008000cc0       0x1c ./Core/Src/main.o
 .text.__NVIC_SetPriority
                0x0000000008000cdc       0x54 ./Core/Src/main.o
 .text.NVIC_EncodePriority
                0x0000000008000d30       0x66 ./Core/Src/main.o
 *fill*         0x0000000008000d96        0x2 
 .text.SysTick_Config
                0x0000000008000d98       0x44 ./Core/Src/main.o
 .text.LL_RCC_HSI_Enable
                0x0000000008000ddc       0x20 ./Core/Src/main.o
 .text.LL_RCC_HSI_IsReady
                0x0000000008000dfc       0x24 ./Core/Src/main.o
 .text.LL_RCC_HSI_SetCalibTrimming
                0x0000000008000e20       0x2c ./Core/Src/main.o
 .text.LL_RCC_SetSysClkSource
                0x0000000008000e4c       0x28 ./Core/Src/main.o
 .text.LL_RCC_GetSysClkSource
                0x0000000008000e74       0x1c ./Core/Src/main.o
 .text.LL_RCC_SetAHBPrescaler
                0x0000000008000e90       0x28 ./Core/Src/main.o
 .text.LL_RCC_SetAPB1Prescaler
                0x0000000008000eb8       0x28 ./Core/Src/main.o
 .text.LL_RCC_SetAPB2Prescaler
                0x0000000008000ee0       0x28 ./Core/Src/main.o
 .text.LL_RCC_SetUSARTClockSource
                0x0000000008000f08       0x34 ./Core/Src/main.o
 .text.LL_RCC_PLL_Enable
                0x0000000008000f3c       0x20 ./Core/Src/main.o
 .text.LL_RCC_PLL_IsReady
                0x0000000008000f5c       0x28 ./Core/Src/main.o
 .text.LL_RCC_PLL_ConfigDomain_SYS
                0x0000000008000f84       0x40 ./Core/Src/main.o
 .text.LL_APB1_GRP1_EnableClock
                0x0000000008000fc4       0x30 ./Core/Src/main.o
 .text.LL_APB2_GRP1_EnableClock
                0x0000000008000ff4       0x30 ./Core/Src/main.o
 .text.LL_FLASH_SetLatency
                0x0000000008001024       0x28 ./Core/Src/main.o
 .text.LL_FLASH_GetLatency
                0x000000000800104c       0x1c ./Core/Src/main.o
 .text.LL_PWR_EnableOverDriveMode
                0x0000000008001068       0x20 ./Core/Src/main.o
 .text.LL_PWR_SetRegulVoltageScaling
                0x0000000008001088       0x28 ./Core/Src/main.o
 .text.main     0x00000000080010b0       0x54 ./Core/Src/main.o
                0x00000000080010b0                main
 .text.SystemClock_Config
                0x0000000008001104       0x98 ./Core/Src/main.o
                0x0000000008001104                SystemClock_Config
 .text.NMI_Handler
                0x000000000800119c        0x6 ./Core/Src/stm32f7xx_it.o
                0x000000000800119c                NMI_Handler
 .text.HardFault_Handler
                0x00000000080011a2        0x6 ./Core/Src/stm32f7xx_it.o
                0x00000000080011a2                HardFault_Handler
 .text.MemManage_Handler
                0x00000000080011a8        0x6 ./Core/Src/stm32f7xx_it.o
                0x00000000080011a8                MemManage_Handler
 .text.BusFault_Handler
                0x00000000080011ae        0x6 ./Core/Src/stm32f7xx_it.o
                0x00000000080011ae                BusFault_Handler
 .text.UsageFault_Handler
                0x00000000080011b4        0x6 ./Core/Src/stm32f7xx_it.o
                0x00000000080011b4                UsageFault_Handler
 .text.SVC_Handler
                0x00000000080011ba        0xe ./Core/Src/stm32f7xx_it.o
                0x00000000080011ba                SVC_Handler
 .text.DebugMon_Handler
                0x00000000080011c8        0xe ./Core/Src/stm32f7xx_it.o
                0x00000000080011c8                DebugMon_Handler
 .text.PendSV_Handler
                0x00000000080011d6        0xe ./Core/Src/stm32f7xx_it.o
                0x00000000080011d6                PendSV_Handler
 .text.SysTick_Handler
                0x00000000080011e4        0xe ./Core/Src/stm32f7xx_it.o
                0x00000000080011e4                SysTick_Handler
 *fill*         0x00000000080011f2        0x2 
 .text.SystemInit
                0x00000000080011f4       0x24 ./Core/Src/system_stm32f7xx.o
                0x00000000080011f4                SystemInit
 .text.Reset_Handler
                0x0000000008001218       0x50 ./Core/Startup/startup_stm32f722retx.o
                0x0000000008001218                Reset_Handler
 .text.Default_Handler
                0x0000000008001268        0x2 ./Core/Startup/startup_stm32f722retx.o
                0x0000000008001268                DMA1_Stream3_IRQHandler
                0x0000000008001268                EXTI2_IRQHandler
                0x0000000008001268                TIM8_CC_IRQHandler
                0x0000000008001268                UART8_IRQHandler
                0x0000000008001268                SPI4_IRQHandler
                0x0000000008001268                TIM1_CC_IRQHandler
                0x0000000008001268                DMA2_Stream5_IRQHandler
                0x0000000008001268                DMA1_Stream5_IRQHandler
                0x0000000008001268                PVD_IRQHandler
                0x0000000008001268                TAMP_STAMP_IRQHandler
                0x0000000008001268                EXTI3_IRQHandler
                0x0000000008001268                TIM8_TRG_COM_TIM14_IRQHandler
                0x0000000008001268                TIM1_UP_TIM10_IRQHandler
                0x0000000008001268                TIM8_UP_TIM13_IRQHandler
                0x0000000008001268                I2C3_ER_IRQHandler
                0x0000000008001268                EXTI0_IRQHandler
                0x0000000008001268                I2C2_EV_IRQHandler
                0x0000000008001268                DMA1_Stream2_IRQHandler
                0x0000000008001268                CAN1_RX0_IRQHandler
                0x0000000008001268                FPU_IRQHandler
                0x0000000008001268                OTG_HS_WKUP_IRQHandler
                0x0000000008001268                DMA2_Stream2_IRQHandler
                0x0000000008001268                SPI1_IRQHandler
                0x0000000008001268                TIM6_DAC_IRQHandler
                0x0000000008001268                TIM1_BRK_TIM9_IRQHandler
                0x0000000008001268                DMA2_Stream3_IRQHandler
                0x0000000008001268                SAI2_IRQHandler
                0x0000000008001268                USART6_IRQHandler
                0x0000000008001268                CAN1_RX1_IRQHandler
                0x0000000008001268                UART5_IRQHandler
                0x0000000008001268                DMA2_Stream0_IRQHandler
                0x0000000008001268                TIM4_IRQHandler
                0x0000000008001268                QUADSPI_IRQHandler
                0x0000000008001268                I2C1_EV_IRQHandler
                0x0000000008001268                DMA1_Stream6_IRQHandler
                0x0000000008001268                UART4_IRQHandler
                0x0000000008001268                TIM3_IRQHandler
                0x0000000008001268                RCC_IRQHandler
                0x0000000008001268                TIM8_BRK_TIM12_IRQHandler
                0x0000000008001268                Default_Handler
                0x0000000008001268                EXTI15_10_IRQHandler
                0x0000000008001268                ADC_IRQHandler
                0x0000000008001268                DMA1_Stream7_IRQHandler
                0x0000000008001268                SPI5_IRQHandler
                0x0000000008001268                TIM7_IRQHandler
                0x0000000008001268                SDMMC1_IRQHandler
                0x0000000008001268                TIM5_IRQHandler
                0x0000000008001268                DMA2_Stream7_IRQHandler
                0x0000000008001268                I2C3_EV_IRQHandler
                0x0000000008001268                EXTI9_5_IRQHandler
                0x0000000008001268                RTC_WKUP_IRQHandler
                0x0000000008001268                SPI2_IRQHandler
                0x0000000008001268                OTG_HS_EP1_IN_IRQHandler
                0x0000000008001268                DMA1_Stream0_IRQHandler
                0x0000000008001268                CAN1_TX_IRQHandler
                0x0000000008001268                EXTI4_IRQHandler
                0x0000000008001268                RNG_IRQHandler
                0x0000000008001268                OTG_HS_EP1_OUT_IRQHandler
                0x0000000008001268                WWDG_IRQHandler
                0x0000000008001268                TIM2_IRQHandler
                0x0000000008001268                OTG_FS_WKUP_IRQHandler
                0x0000000008001268                TIM1_TRG_COM_TIM11_IRQHandler
                0x0000000008001268                OTG_HS_IRQHandler
                0x0000000008001268                EXTI1_IRQHandler
                0x0000000008001268                SDMMC2_IRQHandler
                0x0000000008001268                UART7_IRQHandler
                0x0000000008001268                USART2_IRQHandler
                0x0000000008001268                I2C2_ER_IRQHandler
                0x0000000008001268                DMA2_Stream1_IRQHandler
                0x0000000008001268                CAN1_SCE_IRQHandler
                0x0000000008001268                FLASH_IRQHandler
                0x0000000008001268                DMA2_Stream4_IRQHandler
                0x0000000008001268                USART1_IRQHandler
                0x0000000008001268                OTG_FS_IRQHandler
                0x0000000008001268                SPI3_IRQHandler
                0x0000000008001268                DMA1_Stream4_IRQHandler
                0x0000000008001268                I2C1_ER_IRQHandler
                0x0000000008001268                FMC_IRQHandler
                0x0000000008001268                LPTIM1_IRQHandler
                0x0000000008001268                DMA2_Stream6_IRQHandler
                0x0000000008001268                SAI1_IRQHandler
                0x0000000008001268                RTC_Alarm_IRQHandler
 *fill*         0x000000000800126a        0x2 
 .text.LL_InitTick
                0x000000000800126c       0x34 ./Drivers/STM32F7xx_HAL_Driver/Src/stm32f7xx_ll_utils.o
 .text.LL_Init1msTick
                0x00000000080012a0       0x1a ./Drivers/STM32F7xx_HAL_Driver/Src/stm32f7xx_ll_utils.o
                0x00000000080012a0                LL_Init1msTick
 *fill*         0x00000000080012ba        0x2 
 .text.LL_SetSystemCoreClock
                0x00000000080012bc       0x20 ./Drivers/STM32F7xx_HAL_Driver/Src/stm32f7xx_ll_utils.o
                0x00000000080012bc                LL_SetSystemCoreClock
 .text.__libc_init_array
                0x00000000080012dc       0x48 /Applications/STM32CubeIDE.app/Contents/Eclipse/plugins/com.st.stm32cube.ide.mcu.externaltools.gnu-tools-for-stm32.9-2020-q2-update.macos64_2.0.0.202105311346/tools/bin/../lib/gcc/arm-none-eabi/9.3.1/../../../../arm-none-eabi/lib/thumb/v7e-m+fp/hard/libc_nano.a(lib_a-init.o)
                0x00000000080012dc                __libc_init_array
 .text.memcpy   0x0000000008001324       0x1c /Applications/STM32CubeIDE.app/Contents/Eclipse/plugins/com.st.stm32cube.ide.mcu.externaltools.gnu-tools-for-stm32.9-2020-q2-update.macos64_2.0.0.202105311346/tools/bin/../lib/gcc/arm-none-eabi/9.3.1/../../../../arm-none-eabi/lib/thumb/v7e-m+fp/hard/libc_nano.a(lib_a-memcpy-stub.o)
                0x0000000008001324                memcpy
 .text.memset   0x0000000008001340       0x10 /Applications/STM32CubeIDE.app/Contents/Eclipse/plugins/com.st.stm32cube.ide.mcu.externaltools.gnu-tools-for-stm32.9-2020-q2-update.macos64_2.0.0.202105311346/tools/bin/../lib/gcc/arm-none-eabi/9.3.1/../../../../arm-none-eabi/lib/thumb/v7e-m+fp/hard/libc_nano.a(lib_a-memset.o)
                0x0000000008001340                memset
 *(.glue_7)
 .glue_7        0x0000000008001350        0x0 linker stubs
 *(.glue_7t)
 .glue_7t       0x0000000008001350        0x0 linker stubs
 *(.eh_frame)
 .eh_frame      0x0000000008001350        0x0 /Applications/STM32CubeIDE.app/Contents/Eclipse/plugins/com.st.stm32cube.ide.mcu.externaltools.gnu-tools-for-stm32.9-2020-q2-update.macos64_2.0.0.202105311346/tools/bin/../lib/gcc/arm-none-eabi/9.3.1/thumb/v7e-m+fp/hard/crtbegin.o
 *(.init)
 .init          0x0000000008001350        0x4 /Applications/STM32CubeIDE.app/Contents/Eclipse/plugins/com.st.stm32cube.ide.mcu.externaltools.gnu-tools-for-stm32.9-2020-q2-update.macos64_2.0.0.202105311346/tools/bin/../lib/gcc/arm-none-eabi/9.3.1/thumb/v7e-m+fp/hard/crti.o
                0x0000000008001350                _init
 .init          0x0000000008001354        0x8 /Applications/STM32CubeIDE.app/Contents/Eclipse/plugins/com.st.stm32cube.ide.mcu.externaltools.gnu-tools-for-stm32.9-2020-q2-update.macos64_2.0.0.202105311346/tools/bin/../lib/gcc/arm-none-eabi/9.3.1/thumb/v7e-m+fp/hard/crtn.o
 *(.fini)
 .fini          0x000000000800135c        0x4 /Applications/STM32CubeIDE.app/Contents/Eclipse/plugins/com.st.stm32cube.ide.mcu.externaltools.gnu-tools-for-stm32.9-2020-q2-update.macos64_2.0.0.202105311346/tools/bin/../lib/gcc/arm-none-eabi/9.3.1/thumb/v7e-m+fp/hard/crti.o
                0x000000000800135c                _fini
 .fini          0x0000000008001360        0x8 /Applications/STM32CubeIDE.app/Contents/Eclipse/plugins/com.st.stm32cube.ide.mcu.externaltools.gnu-tools-for-stm32.9-2020-q2-update.macos64_2.0.0.202105311346/tools/bin/../lib/gcc/arm-none-eabi/9.3.1/thumb/v7e-m+fp/hard/crtn.o
                0x0000000008001368                . = ALIGN (0x4)
                0x0000000008001368                _etext = .

.vfp11_veneer   0x0000000008001368        0x0
 .vfp11_veneer  0x0000000008001368        0x0 linker stubs

.v4_bx          0x0000000008001368        0x0
 .v4_bx         0x0000000008001368        0x0 linker stubs

.iplt           0x0000000008001368        0x0
 .iplt          0x0000000008001368        0x0 /Applications/STM32CubeIDE.app/Contents/Eclipse/plugins/com.st.stm32cube.ide.mcu.externaltools.gnu-tools-for-stm32.9-2020-q2-update.macos64_2.0.0.202105311346/tools/bin/../lib/gcc/arm-none-eabi/9.3.1/thumb/v7e-m+fp/hard/crtbegin.o

.rel.dyn        0x0000000008001368        0x0
 .rel.iplt      0x0000000008001368        0x0 /Applications/STM32CubeIDE.app/Contents/Eclipse/plugins/com.st.stm32cube.ide.mcu.externaltools.gnu-tools-for-stm32.9-2020-q2-update.macos64_2.0.0.202105311346/tools/bin/../lib/gcc/arm-none-eabi/9.3.1/thumb/v7e-m+fp/hard/crtbegin.o

.rodata         0x0000000008001368        0x0
                0x0000000008001368                . = ALIGN (0x4)
 *(.rodata)
 *(.rodata*)
                0x0000000008001368                . = ALIGN (0x4)

.ARM.extab      0x0000000008001368        0x0
                0x0000000008001368                . = ALIGN (0x4)
 *(.ARM.extab* .gnu.linkonce.armextab.*)
                0x0000000008001368                . = ALIGN (0x4)

.ARM            0x0000000008001368        0x0
                0x0000000008001368                . = ALIGN (0x4)
                0x0000000008001368                __exidx_start = .
 *(.ARM.exidx*)
                0x0000000008001368                __exidx_end = .
                0x0000000008001368                . = ALIGN (0x4)

.preinit_array  0x0000000008001368        0x0
                0x0000000008001368                . = ALIGN (0x4)
                0x0000000008001368                PROVIDE (__preinit_array_start = .)
 *(.preinit_array*)
                0x0000000008001368                PROVIDE (__preinit_array_end = .)
                0x0000000008001368                . = ALIGN (0x4)

.init_array     0x0000000008001368        0x4
                0x0000000008001368                . = ALIGN (0x4)
                0x0000000008001368                PROVIDE (__init_array_start = .)
 *(SORT_BY_NAME(.init_array.*))
 *(.init_array*)
 .init_array    0x0000000008001368        0x4 /Applications/STM32CubeIDE.app/Contents/Eclipse/plugins/com.st.stm32cube.ide.mcu.externaltools.gnu-tools-for-stm32.9-2020-q2-update.macos64_2.0.0.202105311346/tools/bin/../lib/gcc/arm-none-eabi/9.3.1/thumb/v7e-m+fp/hard/crtbegin.o
                0x000000000800136c                PROVIDE (__init_array_end = .)
                0x000000000800136c                . = ALIGN (0x4)

.fini_array     0x000000000800136c        0x4
                0x000000000800136c                . = ALIGN (0x4)
                [!provide]                        PROVIDE (__fini_array_start = .)
 *(SORT_BY_NAME(.fini_array.*))
 *(.fini_array*)
 .fini_array    0x000000000800136c        0x4 /Applications/STM32CubeIDE.app/Contents/Eclipse/plugins/com.st.stm32cube.ide.mcu.externaltools.gnu-tools-for-stm32.9-2020-q2-update.macos64_2.0.0.202105311346/tools/bin/../lib/gcc/arm-none-eabi/9.3.1/thumb/v7e-m+fp/hard/crtbegin.o
                [!provide]                        PROVIDE (__fini_array_end = .)
                0x0000000008001370                . = ALIGN (0x4)
                0x0000000008001370                _sidata = LOADADDR (.data)

.data           0x0000000020000000        0x4 load address 0x0000000008001370
                0x0000000020000000                . = ALIGN (0x4)
                0x0000000020000000                _sdata = .
 *(.data)
 *(.data*)
 .data.SystemCoreClock
                0x0000000020000000        0x4 ./Core/Src/system_stm32f7xx.o
                0x0000000020000000                SystemCoreClock
 *(.RamFunc)
 *(.RamFunc*)
                0x0000000020000004                . = ALIGN (0x4)
                0x0000000020000004                _edata = .

.igot.plt       0x0000000020000004        0x0 load address 0x0000000008001374
 .igot.plt      0x0000000020000004        0x0 /Applications/STM32CubeIDE.app/Contents/Eclipse/plugins/com.st.stm32cube.ide.mcu.externaltools.gnu-tools-for-stm32.9-2020-q2-update.macos64_2.0.0.202105311346/tools/bin/../lib/gcc/arm-none-eabi/9.3.1/thumb/v7e-m+fp/hard/crtbegin.o
                0x0000000020000004                . = ALIGN (0x4)

.bss            0x0000000020000004       0xe4 load address 0x0000000008001374
                0x0000000020000004                _sbss = .
                0x0000000020000004                __bss_start__ = _sbss
 *(.bss)
 .bss           0x0000000020000004       0x1c /Applications/STM32CubeIDE.app/Contents/Eclipse/plugins/com.st.stm32cube.ide.mcu.externaltools.gnu-tools-for-stm32.9-2020-q2-update.macos64_2.0.0.202105311346/tools/bin/../lib/gcc/arm-none-eabi/9.3.1/thumb/v7e-m+fp/hard/crtbegin.o
 *(.bss*)
 .bss.lenConst.10140
                0x0000000020000020        0x1 ./Core/Src/drv_crsf.o
 *fill*         0x0000000020000021        0x3 
 .bss.old_pos.10156
                0x0000000020000024        0x4 ./Core/Src/drv_crsf.o
 .bss.usTicks   0x0000000020000028        0x4 ./Core/Src/dwt.o
 *(COMMON)
 COMMON         0x000000002000002c       0xba ./Core/Src/drv_crsf.o
                0x000000002000002c                crsfPayload
                0x0000000020000042                state
                0x0000000020000044                rxRingBuf
                0x0000000020000060                rxSize
                0x0000000020000064                rxBuf
                0x00000000200000a4                rxRingBufData
                0x00000000200000e4                len
                0x00000000200000e5                cmd
                0x00000000200000e8                . = ALIGN (0x4)
 *fill*         0x00000000200000e6        0x2 
                0x00000000200000e8                _ebss = .
                0x00000000200000e8                __bss_end__ = _ebss

._user_heap_stack
                0x00000000200000e8      0x600 load address 0x0000000008001374
                0x00000000200000e8                . = ALIGN (0x8)
                [!provide]                        PROVIDE (end = .)
                0x00000000200000e8                PROVIDE (_end = .)
                0x00000000200002e8                . = (. + _Min_Heap_Size)
 *fill*         0x00000000200000e8      0x200 
                0x00000000200006e8                . = (. + _Min_Stack_Size)
 *fill*         0x00000000200002e8      0x400 
                0x00000000200006e8                . = ALIGN (0x8)

/DISCARD/
 libc.a(*)
 libm.a(*)
 libgcc.a(*)

.ARM.attributes
                0x0000000000000000       0x30
 *(.ARM.attributes)
 .ARM.attributes
                0x0000000000000000       0x1e /Applications/STM32CubeIDE.app/Contents/Eclipse/plugins/com.st.stm32cube.ide.mcu.externaltools.gnu-tools-for-stm32.9-2020-q2-update.macos64_2.0.0.202105311346/tools/bin/../lib/gcc/arm-none-eabi/9.3.1/thumb/v7e-m+fp/hard/crti.o
 .ARM.attributes
                0x000000000000001e       0x34 /Applications/STM32CubeIDE.app/Contents/Eclipse/plugins/com.st.stm32cube.ide.mcu.externaltools.gnu-tools-for-stm32.9-2020-q2-update.macos64_2.0.0.202105311346/tools/bin/../lib/gcc/arm-none-eabi/9.3.1/thumb/v7e-m+fp/hard/crtbegin.o
 .ARM.attributes
                0x0000000000000052       0x34 ./Core/Src/drv_crsf.o
 .ARM.attributes
                0x0000000000000086       0x34 ./Core/Src/dwt.o
 .ARM.attributes
                0x00000000000000ba       0x34 ./Core/Src/lwrb.o
 .ARM.attributes
                0x00000000000000ee       0x34 ./Core/Src/main.o
 .ARM.attributes
                0x0000000000000122       0x34 ./Core/Src/stm32f7xx_it.o
 .ARM.attributes
                0x0000000000000156       0x34 ./Core/Src/system_stm32f7xx.o
 .ARM.attributes
                0x000000000000018a       0x21 ./Core/Startup/startup_stm32f722retx.o
 .ARM.attributes
                0x00000000000001ab       0x34 ./Drivers/STM32F7xx_HAL_Driver/Src/stm32f7xx_ll_utils.o
 .ARM.attributes
                0x00000000000001df       0x34 /Applications/STM32CubeIDE.app/Contents/Eclipse/plugins/com.st.stm32cube.ide.mcu.externaltools.gnu-tools-for-stm32.9-2020-q2-update.macos64_2.0.0.202105311346/tools/bin/../lib/gcc/arm-none-eabi/9.3.1/../../../../arm-none-eabi/lib/thumb/v7e-m+fp/hard/libc_nano.a(lib_a-init.o)
 .ARM.attributes
                0x0000000000000213       0x34 /Applications/STM32CubeIDE.app/Contents/Eclipse/plugins/com.st.stm32cube.ide.mcu.externaltools.gnu-tools-for-stm32.9-2020-q2-update.macos64_2.0.0.202105311346/tools/bin/../lib/gcc/arm-none-eabi/9.3.1/../../../../arm-none-eabi/lib/thumb/v7e-m+fp/hard/libc_nano.a(lib_a-memcpy-stub.o)
 .ARM.attributes
                0x0000000000000247       0x34 /Applications/STM32CubeIDE.app/Contents/Eclipse/plugins/com.st.stm32cube.ide.mcu.externaltools.gnu-tools-for-stm32.9-2020-q2-update.macos64_2.0.0.202105311346/tools/bin/../lib/gcc/arm-none-eabi/9.3.1/../../../../arm-none-eabi/lib/thumb/v7e-m+fp/hard/libc_nano.a(lib_a-memset.o)
 .ARM.attributes
                0x000000000000027b       0x1e /Applications/STM32CubeIDE.app/Contents/Eclipse/plugins/com.st.stm32cube.ide.mcu.externaltools.gnu-tools-for-stm32.9-2020-q2-update.macos64_2.0.0.202105311346/tools/bin/../lib/gcc/arm-none-eabi/9.3.1/thumb/v7e-m+fp/hard/crtn.o
OUTPUT(Crsf.elf elf32-littlearm)
LOAD linker stubs
LOAD /Applications/STM32CubeIDE.app/Contents/Eclipse/plugins/com.st.stm32cube.ide.mcu.externaltools.gnu-tools-for-stm32.9-2020-q2-update.macos64_2.0.0.202105311346/tools/bin/../lib/gcc/arm-none-eabi/9.3.1/../../../../arm-none-eabi/lib/thumb/v7e-m+fp/hard/libc.a
LOAD /Applications/STM32CubeIDE.app/Contents/Eclipse/plugins/com.st.stm32cube.ide.mcu.externaltools.gnu-tools-for-stm32.9-2020-q2-update.macos64_2.0.0.202105311346/tools/bin/../lib/gcc/arm-none-eabi/9.3.1/../../../../arm-none-eabi/lib/thumb/v7e-m+fp/hard/libm.a
LOAD /Applications/STM32CubeIDE.app/Contents/Eclipse/plugins/com.st.stm32cube.ide.mcu.externaltools.gnu-tools-for-stm32.9-2020-q2-update.macos64_2.0.0.202105311346/tools/bin/../lib/gcc/arm-none-eabi/9.3.1/thumb/v7e-m+fp/hard/libgcc.a

.debug_info     0x0000000000000000     0x58f2
 .debug_info    0x0000000000000000     0x18e4 ./Core/Src/drv_crsf.o
 .debug_info    0x00000000000018e4      0x3ef ./Core/Src/dwt.o
 .debug_info    0x0000000000001cd3      0xf33 ./Core/Src/lwrb.o
 .debug_info    0x0000000000002c06     0x1992 ./Core/Src/main.o
 .debug_info    0x0000000000004598      0x1dd ./Core/Src/stm32f7xx_it.o
 .debug_info    0x0000000000004775      0x74f ./Core/Src/system_stm32f7xx.o
 .debug_info    0x0000000000004ec4       0x22 ./Core/Startup/startup_stm32f722retx.o
 .debug_info    0x0000000000004ee6      0xa0c ./Drivers/STM32F7xx_HAL_Driver/Src/stm32f7xx_ll_utils.o

.debug_abbrev   0x0000000000000000      0xf1a
 .debug_abbrev  0x0000000000000000      0x367 ./Core/Src/drv_crsf.o
 .debug_abbrev  0x0000000000000367      0x155 ./Core/Src/dwt.o
 .debug_abbrev  0x00000000000004bc      0x2e3 ./Core/Src/lwrb.o
 .debug_abbrev  0x000000000000079f      0x31a ./Core/Src/main.o
 .debug_abbrev  0x0000000000000ab9       0xad ./Core/Src/stm32f7xx_it.o
 .debug_abbrev  0x0000000000000b66      0x149 ./Core/Src/system_stm32f7xx.o
 .debug_abbrev  0x0000000000000caf       0x12 ./Core/Startup/startup_stm32f722retx.o
 .debug_abbrev  0x0000000000000cc1      0x259 ./Drivers/STM32F7xx_HAL_Driver/Src/stm32f7xx_ll_utils.o

.debug_aranges  0x0000000000000000      0x3d8
 .debug_aranges
                0x0000000000000000       0x70 ./Core/Src/drv_crsf.o
 .debug_aranges
                0x0000000000000070       0x30 ./Core/Src/dwt.o
 .debug_aranges
                0x00000000000000a0       0x98 ./Core/Src/lwrb.o
 .debug_aranges
                0x0000000000000138       0xe8 ./Core/Src/main.o
 .debug_aranges
                0x0000000000000220       0x60 ./Core/Src/stm32f7xx_it.o
 .debug_aranges
                0x0000000000000280       0x28 ./Core/Src/system_stm32f7xx.o
 .debug_aranges
                0x00000000000002a8       0x28 ./Core/Startup/startup_stm32f722retx.o
 .debug_aranges
                0x00000000000002d0      0x108 ./Drivers/STM32F7xx_HAL_Driver/Src/stm32f7xx_ll_utils.o

.debug_ranges   0x0000000000000000      0x378
 .debug_ranges  0x0000000000000000       0x60 ./Core/Src/drv_crsf.o
 .debug_ranges  0x0000000000000060       0x38 ./Core/Src/dwt.o
 .debug_ranges  0x0000000000000098       0x88 ./Core/Src/lwrb.o
 .debug_ranges  0x0000000000000120       0xd8 ./Core/Src/main.o
 .debug_ranges  0x00000000000001f8       0x50 ./Core/Src/stm32f7xx_it.o
 .debug_ranges  0x0000000000000248       0x18 ./Core/Src/system_stm32f7xx.o
 .debug_ranges  0x0000000000000260       0x20 ./Core/Startup/startup_stm32f722retx.o
 .debug_ranges  0x0000000000000280       0xf8 ./Drivers/STM32F7xx_HAL_Driver/Src/stm32f7xx_ll_utils.o

.debug_macro    0x0000000000000000    0x1bee1
 .debug_macro   0x0000000000000000      0x232 ./Core/Src/drv_crsf.o
 .debug_macro   0x0000000000000232      0xae4 ./Core/Src/drv_crsf.o
 .debug_macro   0x0000000000000d16       0x2e ./Core/Src/drv_crsf.o
 .debug_macro   0x0000000000000d44       0x3b ./Core/Src/drv_crsf.o
 .debug_macro   0x0000000000000d7f       0x22 ./Core/Src/drv_crsf.o
 .debug_macro   0x0000000000000da1       0x8e ./Core/Src/drv_crsf.o
 .debug_macro   0x0000000000000e2f       0x51 ./Core/Src/drv_crsf.o
 .debug_macro   0x0000000000000e80      0x103 ./Core/Src/drv_crsf.o
 .debug_macro   0x0000000000000f83       0x6a ./Core/Src/drv_crsf.o
 .debug_macro   0x0000000000000fed      0x1df ./Core/Src/drv_crsf.o
 .debug_macro   0x00000000000011cc       0x1c ./Core/Src/drv_crsf.o
 .debug_macro   0x00000000000011e8       0x22 ./Core/Src/drv_crsf.o
 .debug_macro   0x000000000000120a       0xdf ./Core/Src/drv_crsf.o
 .debug_macro   0x00000000000012e9     0x12cd ./Core/Src/drv_crsf.o
 .debug_macro   0x00000000000025b6      0x11f ./Core/Src/drv_crsf.o
 .debug_macro   0x00000000000026d5       0x19 ./Core/Src/drv_crsf.o
 .debug_macro   0x00000000000026ee    0x15c67 ./Core/Src/drv_crsf.o
 .debug_macro   0x0000000000018355       0x6d ./Core/Src/drv_crsf.o
 .debug_macro   0x00000000000183c2       0x22 ./Core/Src/drv_crsf.o
 .debug_macro   0x00000000000183e4       0x52 ./Core/Src/drv_crsf.o
 .debug_macro   0x0000000000018436       0x18 ./Core/Src/drv_crsf.o
 .debug_macro   0x000000000001844e       0x3c ./Core/Src/drv_crsf.o
 .debug_macro   0x000000000001848a       0x34 ./Core/Src/drv_crsf.o
 .debug_macro   0x00000000000184be      0x174 ./Core/Src/drv_crsf.o
 .debug_macro   0x0000000000018632       0x16 ./Core/Src/drv_crsf.o
 .debug_macro   0x0000000000018648       0x43 ./Core/Src/drv_crsf.o
 .debug_macro   0x000000000001868b       0x34 ./Core/Src/drv_crsf.o
 .debug_macro   0x00000000000186bf       0x10 ./Core/Src/drv_crsf.o
 .debug_macro   0x00000000000186cf       0x58 ./Core/Src/drv_crsf.o
 .debug_macro   0x0000000000018727       0x71 ./Core/Src/drv_crsf.o
 .debug_macro   0x0000000000018798       0x1c ./Core/Src/drv_crsf.o
 .debug_macro   0x00000000000187b4      0x12a ./Core/Src/drv_crsf.o
 .debug_macro   0x00000000000188de      0x333 ./Core/Src/drv_crsf.o
 .debug_macro   0x0000000000018c11       0x10 ./Core/Src/drv_crsf.o
 .debug_macro   0x0000000000018c21       0x35 ./Core/Src/drv_crsf.o
 .debug_macro   0x0000000000018c56       0x20 ./Core/Src/drv_crsf.o
 .debug_macro   0x0000000000018c76      0xaeb ./Core/Src/drv_crsf.o
 .debug_macro   0x0000000000019761      0x1fa ./Core/Src/drv_crsf.o
 .debug_macro   0x000000000001995b      0x22a ./Core/Src/drv_crsf.o
 .debug_macro   0x0000000000019b85       0xee ./Core/Src/drv_crsf.o
 .debug_macro   0x0000000000019c73      0x1a6 ./Core/Src/drv_crsf.o
 .debug_macro   0x0000000000019e19       0x61 ./Core/Src/drv_crsf.o
 .debug_macro   0x0000000000019e7a      0x12f ./Core/Src/drv_crsf.o
 .debug_macro   0x0000000000019fa9      0x224 ./Core/Src/drv_crsf.o
 .debug_macro   0x000000000001a1cd      0x2db ./Core/Src/drv_crsf.o
 .debug_macro   0x000000000001a4a8      0x149 ./Core/Src/drv_crsf.o
 .debug_macro   0x000000000001a5f1       0x22 ./Core/Src/drv_crsf.o
 .debug_macro   0x000000000001a613       0x16 ./Core/Src/drv_crsf.o
 .debug_macro   0x000000000001a629       0x1c ./Core/Src/drv_crsf.o
 .debug_macro   0x000000000001a645      0x144 ./Core/Src/dwt.o
 .debug_macro   0x000000000001a789      0xae5 ./Core/Src/dwt.o
 .debug_macro   0x000000000001b26e      0x16f ./Core/Src/lwrb.o
 .debug_macro   0x000000000001b3dd       0x4c ./Core/Src/lwrb.o
 .debug_macro   0x000000000001b429       0x94 ./Core/Src/lwrb.o
 .debug_macro   0x000000000001b4bd       0x57 ./Core/Src/lwrb.o
 .debug_macro   0x000000000001b514      0x339 ./Core/Src/lwrb.o
 .debug_macro   0x000000000001b84d       0x10 ./Core/Src/lwrb.o
 .debug_macro   0x000000000001b85d      0x240 ./Core/Src/main.o
 .debug_macro   0x000000000001ba9d      0x144 ./Core/Src/stm32f7xx_it.o
 .debug_macro   0x000000000001bbe1       0xcb ./Core/Src/system_stm32f7xx.o
 .debug_macro   0x000000000001bcac      0x1da ./Drivers/STM32F7xx_HAL_Driver/Src/stm32f7xx_ll_utils.o
 .debug_macro   0x000000000001be86       0x5b ./Drivers/STM32F7xx_HAL_Driver/Src/stm32f7xx_ll_utils.o

.debug_line     0x0000000000000000     0x3d94
 .debug_line    0x0000000000000000      0xa74 ./Core/Src/drv_crsf.o
 .debug_line    0x0000000000000a74      0x61c ./Core/Src/dwt.o
 .debug_line    0x0000000000001090      0xbaf ./Core/Src/lwrb.o
 .debug_line    0x0000000000001c3f      0xb05 ./Core/Src/main.o
 .debug_line    0x0000000000002744      0x676 ./Core/Src/stm32f7xx_it.o
 .debug_line    0x0000000000002dba      0x520 ./Core/Src/system_stm32f7xx.o
 .debug_line    0x00000000000032da       0x88 ./Core/Startup/startup_stm32f722retx.o
 .debug_line    0x0000000000003362      0xa32 ./Drivers/STM32F7xx_HAL_Driver/Src/stm32f7xx_ll_utils.o

.debug_str      0x0000000000000000    0x9cf43
 .debug_str     0x0000000000000000    0x9afa4 ./Core/Src/drv_crsf.o
                                      0x9b2da (size before relaxing)
 .debug_str     0x000000000009afa4      0x120 ./Core/Src/dwt.o
                                      0x973c8 (size before relaxing)
 .debug_str     0x000000000009b0c4      0x2f5 ./Core/Src/lwrb.o
                                       0x769d (size before relaxing)
 .debug_str     0x000000000009b3b9      0x294 ./Core/Src/main.o
                                      0x9b46f (size before relaxing)
 .debug_str     0x000000000009b64d       0xbd ./Core/Src/stm32f7xx_it.o
                                      0x97334 (size before relaxing)
 .debug_str     0x000000000009b70a       0x5b ./Core/Src/system_stm32f7xx.o
                                      0x89a1d (size before relaxing)
 .debug_str     0x000000000009b765       0x36 ./Core/Startup/startup_stm32f722retx.o
                                         0x6b (size before relaxing)
 .debug_str     0x000000000009b79b     0x17a8 ./Drivers/STM32F7xx_HAL_Driver/Src/stm32f7xx_ll_utils.o
                                      0x93d37 (size before relaxing)

.comment        0x0000000000000000       0x53
 .comment       0x0000000000000000       0x53 ./Core/Src/drv_crsf.o
                                         0x54 (size before relaxing)
 .comment       0x0000000000000053       0x54 ./Core/Src/dwt.o
 .comment       0x0000000000000053       0x54 ./Core/Src/lwrb.o
 .comment       0x0000000000000053       0x54 ./Core/Src/main.o
 .comment       0x0000000000000053       0x54 ./Core/Src/stm32f7xx_it.o
 .comment       0x0000000000000053       0x54 ./Core/Src/system_stm32f7xx.o
 .comment       0x0000000000000053       0x54 ./Drivers/STM32F7xx_HAL_Driver/Src/stm32f7xx_ll_utils.o

.debug_frame    0x0000000000000000      0xe40
 .debug_frame   0x0000000000000000      0x190 ./Core/Src/drv_crsf.o
 .debug_frame   0x0000000000000190       0x7c ./Core/Src/dwt.o
 .debug_frame   0x000000000000020c      0x274 ./Core/Src/lwrb.o
 .debug_frame   0x0000000000000480      0x3b4 ./Core/Src/main.o
 .debug_frame   0x0000000000000834      0x108 ./Core/Src/stm32f7xx_it.o
 .debug_frame   0x000000000000093c       0x58 ./Core/Src/system_stm32f7xx.o
 .debug_frame   0x0000000000000994      0x438 ./Drivers/STM32F7xx_HAL_Driver/Src/stm32f7xx_ll_utils.o
 .debug_frame   0x0000000000000dcc       0x2c /Applications/STM32CubeIDE.app/Contents/Eclipse/plugins/com.st.stm32cube.ide.mcu.externaltools.gnu-tools-for-stm32.9-2020-q2-update.macos64_2.0.0.202105311346/tools/bin/../lib/gcc/arm-none-eabi/9.3.1/../../../../arm-none-eabi/lib/thumb/v7e-m+fp/hard/libc_nano.a(lib_a-init.o)
 .debug_frame   0x0000000000000df8       0x28 /Applications/STM32CubeIDE.app/Contents/Eclipse/plugins/com.st.stm32cube.ide.mcu.externaltools.gnu-tools-for-stm32.9-2020-q2-update.macos64_2.0.0.202105311346/tools/bin/../lib/gcc/arm-none-eabi/9.3.1/../../../../arm-none-eabi/lib/thumb/v7e-m+fp/hard/libc_nano.a(lib_a-memcpy-stub.o)
 .debug_frame   0x0000000000000e20       0x20 /Applications/STM32CubeIDE.app/Contents/Eclipse/plugins/com.st.stm32cube.ide.mcu.externaltools.gnu-tools-for-stm32.9-2020-q2-update.macos64_2.0.0.202105311346/tools/bin/../lib/gcc/arm-none-eabi/9.3.1/../../../../arm-none-eabi/lib/thumb/v7e-m+fp/hard/libc_nano.a(lib_a-memset.o)
