core_cm7.h:1865:22:__NVIC_SetPriorityGrouping	24	static
core_cm7.h:1884:26:__NVIC_GetPriorityGrouping	4	static
core_cm7.h:2024:22:__NVIC_SetPriority	16	static
core_cm7.h:2071:26:NVIC_EncodePriority	40	static
core_cm7.h:2564:26:SysTick_Config	16	static
stm32f7xx_ll_rcc.h:2010:22:LL_RCC_HSI_Enable	4	static
stm32f7xx_ll_rcc.h:2030:26:LL_RCC_HSI_IsReady	4	static
stm32f7xx_ll_rcc.h:2056:22:LL_RCC_HSI_SetCalibTrimming	16	static
stm32f7xx_ll_rcc.h:2214:22:LL_RCC_SetSysClkSource	16	static
stm32f7xx_ll_rcc.h:2227:26:LL_RCC_GetSysClkSource	4	static
stm32f7xx_ll_rcc.h:2247:22:LL_RCC_SetAHBPrescaler	16	static
stm32f7xx_ll_rcc.h:2263:22:LL_RCC_SetAPB1Prescaler	16	static
stm32f7xx_ll_rcc.h:2279:22:LL_RCC_SetAPB2Prescaler	16	static
stm32f7xx_ll_rcc.h:2407:22:LL_RCC_SetUSARTClockSource	16	static
stm32f7xx_ll_rcc.h:3132:22:LL_RCC_PLL_Enable	4	static
stm32f7xx_ll_rcc.h:3153:26:LL_RCC_PLL_IsReady	4	static
stm32f7xx_ll_rcc.h:3241:22:LL_RCC_PLL_ConfigDomain_SYS	24	static
stm32f7xx_ll_bus.h:1071:22:LL_APB1_GRP1_EnableClock	24	static
stm32f7xx_ll_bus.h:1587:22:LL_APB2_GRP1_EnableClock	24	static
stm32f7xx_ll_system.h:891:22:LL_FLASH_SetLatency	16	static
stm32f7xx_ll_system.h:917:26:LL_FLASH_GetLatency	4	static
stm32f7xx_ll_pwr.h:263:22:LL_PWR_EnableOverDriveMode	4	static
stm32f7xx_ll_pwr.h:297:22:LL_PWR_SetRegulVoltageScaling	16	static
main.c:64:5:main	8	static
main.c:123:6:SystemClock_Config	8	static
main.c:170:6:Error_Handler	4	static,ignoring_inline_asm
